12:25:55 **** Incremental Build of configuration Debug for project THE PROJECT ****
make -j4 all 
arm-none-eabi-gcc "../Middleware/UART/uart_handler.c" -mcpu=cortex-m4 -std=gnu11 -g3 -DDEBUG -DUSE_HAL_DRIVER -DSTM32F401xE -c -I../Core/Inc -I../Drivers/STM32F4xx_HAL_Driver/Inc -I../Drivers/STM32F4xx_HAL_Driver/Inc/Legacy -I../Drivers/CMSIS/Device/ST/STM32F4xx/Include -I../Drivers/CMSIS/Include -I"C:/Users/Aswin Sankar/STM32CubeIDE/workspace_1.13.1/Abstracted/THE PROJECT/HAL" -I"C:/Users/Aswin Sankar/STM32CubeIDE/workspace_1.13.1/Abstracted/THE PROJECT/Application" -I"C:/Users/Aswin Sankar/STM32CubeIDE/workspace_1.13.1/Abstracted/THE PROJECT/Middleware" -I"C:/Users/Aswin Sankar/STM32CubeIDE/workspace_1.13.1/Abstracted/THE PROJECT/Middleware/UART" -I"C:/Users/Aswin Sankar/STM32CubeIDE/workspace_1.13.1/Abstracted/THE PROJECT/Application/CLI" -I"C:/Users/Aswin Sankar/STM32CubeIDE/workspace_1.13.1/Abstracted/THE PROJECT/Application/CBUFF" -I"C:/Users/Aswin Sankar/STM32CubeIDE/workspace_1.13.1/Abstracted/THE PROJECT/Application/ADC_INT" -I"C:/Users/Aswin Sankar/STM32CubeIDE/workspace_1.13.1/Abstracted/THE PROJECT/Application/S_TIMER" -I"C:/Users/Aswin Sankar/STM32CubeIDE/workspace_1.13.1/Abstracted/THE PROJECT/Middleware/HARD_TIMER" -O0 -ffunction-sections -fdata-sections -Wall -fstack-usage -fcyclomatic-complexity -MMD -MP -MF"Middleware/UART/uart_handler.d" -MT"Middleware/UART/uart_handler.o" --specs=nano.specs -mfpu=fpv4-sp-d16 -mfloat-abi=hard -mthumb -o "Middleware/UART/uart_handler.o"
arm-none-eabi-gcc "../Middleware/HARD_TIMER/timer_inits.c" -mcpu=cortex-m4 -std=gnu11 -g3 -DDEBUG -DUSE_HAL_DRIVER -DSTM32F401xE -c -I../Core/Inc -I../Drivers/STM32F4xx_HAL_Driver/Inc -I../Drivers/STM32F4xx_HAL_Driver/Inc/Legacy -I../Drivers/CMSIS/Device/ST/STM32F4xx/Include -I../Drivers/CMSIS/Include -I"C:/Users/Aswin Sankar/STM32CubeIDE/workspace_1.13.1/Abstracted/THE PROJECT/HAL" -I"C:/Users/Aswin Sankar/STM32CubeIDE/workspace_1.13.1/Abstracted/THE PROJECT/Application" -I"C:/Users/Aswin Sankar/STM32CubeIDE/workspace_1.13.1/Abstracted/THE PROJECT/Middleware" -I"C:/Users/Aswin Sankar/STM32CubeIDE/workspace_1.13.1/Abstracted/THE PROJECT/Middleware/UART" -I"C:/Users/Aswin Sankar/STM32CubeIDE/workspace_1.13.1/Abstracted/THE PROJECT/Application/CLI" -I"C:/Users/Aswin Sankar/STM32CubeIDE/workspace_1.13.1/Abstracted/THE PROJECT/Application/CBUFF" -I"C:/Users/Aswin Sankar/STM32CubeIDE/workspace_1.13.1/Abstracted/THE PROJECT/Application/ADC_INT" -I"C:/Users/Aswin Sankar/STM32CubeIDE/workspace_1.13.1/Abstracted/THE PROJECT/Application/S_TIMER" -I"C:/Users/Aswin Sankar/STM32CubeIDE/workspace_1.13.1/Abstracted/THE PROJECT/Middleware/HARD_TIMER" -O0 -ffunction-sections -fdata-sections -Wall -fstack-usage -fcyclomatic-complexity -MMD -MP -MF"Middleware/HARD_TIMER/timer_inits.d" -MT"Middleware/HARD_TIMER/timer_inits.o" --specs=nano.specs -mfpu=fpv4-sp-d16 -mfloat-abi=hard -mthumb -o "Middleware/HARD_TIMER/timer_inits.o"
arm-none-eabi-gcc "../Core/Src/main.c" -mcpu=cortex-m4 -std=gnu11 -g3 -DDEBUG -DUSE_HAL_DRIVER -DSTM32F401xE -c -I../Core/Inc -I../Drivers/STM32F4xx_HAL_Driver/Inc -I../Drivers/STM32F4xx_HAL_Driver/Inc/Legacy -I../Drivers/CMSIS/Device/ST/STM32F4xx/Include -I../Drivers/CMSIS/Include -I"C:/Users/Aswin Sankar/STM32CubeIDE/workspace_1.13.1/Abstracted/THE PROJECT/HAL" -I"C:/Users/Aswin Sankar/STM32CubeIDE/workspace_1.13.1/Abstracted/THE PROJECT/Application" -I"C:/Users/Aswin Sankar/STM32CubeIDE/workspace_1.13.1/Abstracted/THE PROJECT/Middleware" -I"C:/Users/Aswin Sankar/STM32CubeIDE/workspace_1.13.1/Abstracted/THE PROJECT/Middleware/UART" -I"C:/Users/Aswin Sankar/STM32CubeIDE/workspace_1.13.1/Abstracted/THE PROJECT/Application/CLI" -I"C:/Users/Aswin Sankar/STM32CubeIDE/workspace_1.13.1/Abstracted/THE PROJECT/Application/CBUFF" -I"C:/Users/Aswin Sankar/STM32CubeIDE/workspace_1.13.1/Abstracted/THE PROJECT/Application/ADC_INT" -I"C:/Users/Aswin Sankar/STM32CubeIDE/workspace_1.13.1/Abstracted/THE PROJECT/Application/S_TIMER" -I"C:/Users/Aswin Sankar/STM32CubeIDE/workspace_1.13.1/Abstracted/THE PROJECT/Middleware/HARD_TIMER" -O0 -ffunction-sections -fdata-sections -Wall -fstack-usage -fcyclomatic-complexity -MMD -MP -MF"Core/Src/main.d" -MT"Core/Src/main.o" --specs=nano.specs -mfpu=fpv4-sp-d16 -mfloat-abi=hard -mthumb -o "Core/Src/main.o"
arm-none-eabi-gcc "../Application/S_TIMER/stimer_main.c" -mcpu=cortex-m4 -std=gnu11 -g3 -DDEBUG -DUSE_HAL_DRIVER -DSTM32F401xE -c -I../Core/Inc -I../Drivers/STM32F4xx_HAL_Driver/Inc -I../Drivers/STM32F4xx_HAL_Driver/Inc/Legacy -I../Drivers/CMSIS/Device/ST/STM32F4xx/Include -I../Drivers/CMSIS/Include -I"C:/Users/Aswin Sankar/STM32CubeIDE/workspace_1.13.1/Abstracted/THE PROJECT/HAL" -I"C:/Users/Aswin Sankar/STM32CubeIDE/workspace_1.13.1/Abstracted/THE PROJECT/Application" -I"C:/Users/Aswin Sankar/STM32CubeIDE/workspace_1.13.1/Abstracted/THE PROJECT/Middleware" -I"C:/Users/Aswin Sankar/STM32CubeIDE/workspace_1.13.1/Abstracted/THE PROJECT/Middleware/UART" -I"C:/Users/Aswin Sankar/STM32CubeIDE/workspace_1.13.1/Abstracted/THE PROJECT/Application/CLI" -I"C:/Users/Aswin Sankar/STM32CubeIDE/workspace_1.13.1/Abstracted/THE PROJECT/Application/CBUFF" -I"C:/Users/Aswin Sankar/STM32CubeIDE/workspace_1.13.1/Abstracted/THE PROJECT/Application/ADC_INT" -I"C:/Users/Aswin Sankar/STM32CubeIDE/workspace_1.13.1/Abstracted/THE PROJECT/Application/S_TIMER" -I"C:/Users/Aswin Sankar/STM32CubeIDE/workspace_1.13.1/Abstracted/THE PROJECT/Middleware/HARD_TIMER" -O0 -ffunction-sections -fdata-sections -Wall -fstack-usage -fcyclomatic-complexity -MMD -MP -MF"Application/S_TIMER/stimer_main.d" -MT"Application/S_TIMER/stimer_main.o" --specs=nano.specs -mfpu=fpv4-sp-d16 -mfloat-abi=hard -mthumb -o "Application/S_TIMER/stimer_main.o"
arm-none-eabi-gcc "../Application/CLI/CommandLineInterface.c" -mcpu=cortex-m4 -std=gnu11 -g3 -DDEBUG -DUSE_HAL_DRIVER -DSTM32F401xE -c -I../Core/Inc -I../Drivers/STM32F4xx_HAL_Driver/Inc -I../Drivers/STM32F4xx_HAL_Driver/Inc/Legacy -I../Drivers/CMSIS/Device/ST/STM32F4xx/Include -I../Drivers/CMSIS/Include -I"C:/Users/Aswin Sankar/STM32CubeIDE/workspace_1.13.1/Abstracted/THE PROJECT/HAL" -I"C:/Users/Aswin Sankar/STM32CubeIDE/workspace_1.13.1/Abstracted/THE PROJECT/Application" -I"C:/Users/Aswin Sankar/STM32CubeIDE/workspace_1.13.1/Abstracted/THE PROJECT/Middleware" -I"C:/Users/Aswin Sankar/STM32CubeIDE/workspace_1.13.1/Abstracted/THE PROJECT/Middleware/UART" -I"C:/Users/Aswin Sankar/STM32CubeIDE/workspace_1.13.1/Abstracted/THE PROJECT/Application/CLI" -I"C:/Users/Aswin Sankar/STM32CubeIDE/workspace_1.13.1/Abstracted/THE PROJECT/Application/CBUFF" -I"C:/Users/Aswin Sankar/STM32CubeIDE/workspace_1.13.1/Abstracted/THE PROJECT/Application/ADC_INT" -I"C:/Users/Aswin Sankar/STM32CubeIDE/workspace_1.13.1/Abstracted/THE PROJECT/Application/S_TIMER" -I"C:/Users/Aswin Sankar/STM32CubeIDE/workspace_1.13.1/Abstracted/THE PROJECT/Middleware/HARD_TIMER" -O0 -ffunction-sections -fdata-sections -Wall -fstack-usage -fcyclomatic-complexity -MMD -MP -MF"Application/CLI/CommandLineInterface.d" -MT"Application/CLI/CommandLineInterface.o" --specs=nano.specs -mfpu=fpv4-sp-d16 -mfloat-abi=hard -mthumb -o "Application/CLI/CommandLineInterface.o"
arm-none-eabi-gcc "../Application/CLI/Command_Parser.c" -mcpu=cortex-m4 -std=gnu11 -g3 -DDEBUG -DUSE_HAL_DRIVER -DSTM32F401xE -c -I../Core/Inc -I../Drivers/STM32F4xx_HAL_Driver/Inc -I../Drivers/STM32F4xx_HAL_Driver/Inc/Legacy -I../Drivers/CMSIS/Device/ST/STM32F4xx/Include -I../Drivers/CMSIS/Include -I"C:/Users/Aswin Sankar/STM32CubeIDE/workspace_1.13.1/Abstracted/THE PROJECT/HAL" -I"C:/Users/Aswin Sankar/STM32CubeIDE/workspace_1.13.1/Abstracted/THE PROJECT/Application" -I"C:/Users/Aswin Sankar/STM32CubeIDE/workspace_1.13.1/Abstracted/THE PROJECT/Middleware" -I"C:/Users/Aswin Sankar/STM32CubeIDE/workspace_1.13.1/Abstracted/THE PROJECT/Middleware/UART" -I"C:/Users/Aswin Sankar/STM32CubeIDE/workspace_1.13.1/Abstracted/THE PROJECT/Application/CLI" -I"C:/Users/Aswin Sankar/STM32CubeIDE/workspace_1.13.1/Abstracted/THE PROJECT/Application/CBUFF" -I"C:/Users/Aswin Sankar/STM32CubeIDE/workspace_1.13.1/Abstracted/THE PROJECT/Application/ADC_INT" -I"C:/Users/Aswin Sankar/STM32CubeIDE/workspace_1.13.1/Abstracted/THE PROJECT/Application/S_TIMER" -I"C:/Users/Aswin Sankar/STM32CubeIDE/workspace_1.13.1/Abstracted/THE PROJECT/Middleware/HARD_TIMER" -O0 -ffunction-sections -fdata-sections -Wall -fstack-usage -fcyclomatic-complexity -MMD -MP -MF"Application/CLI/Command_Parser.d" -MT"Application/CLI/Command_Parser.o" --specs=nano.specs -mfpu=fpv4-sp-d16 -mfloat-abi=hard -mthumb -o "Application/CLI/Command_Parser.o"
arm-none-eabi-gcc "../Application/CLI/addtobuffer.c" -mcpu=cortex-m4 -std=gnu11 -g3 -DDEBUG -DUSE_HAL_DRIVER -DSTM32F401xE -c -I../Core/Inc -I../Drivers/STM32F4xx_HAL_Driver/Inc -I../Drivers/STM32F4xx_HAL_Driver/Inc/Legacy -I../Drivers/CMSIS/Device/ST/STM32F4xx/Include -I../Drivers/CMSIS/Include -I"C:/Users/Aswin Sankar/STM32CubeIDE/workspace_1.13.1/Abstracted/THE PROJECT/HAL" -I"C:/Users/Aswin Sankar/STM32CubeIDE/workspace_1.13.1/Abstracted/THE PROJECT/Application" -I"C:/Users/Aswin Sankar/STM32CubeIDE/workspace_1.13.1/Abstracted/THE PROJECT/Middleware" -I"C:/Users/Aswin Sankar/STM32CubeIDE/workspace_1.13.1/Abstracted/THE PROJECT/Middleware/UART" -I"C:/Users/Aswin Sankar/STM32CubeIDE/workspace_1.13.1/Abstracted/THE PROJECT/Application/CLI" -I"C:/Users/Aswin Sankar/STM32CubeIDE/workspace_1.13.1/Abstracted/THE PROJECT/Application/CBUFF" -I"C:/Users/Aswin Sankar/STM32CubeIDE/workspace_1.13.1/Abstracted/THE PROJECT/Application/ADC_INT" -I"C:/Users/Aswin Sankar/STM32CubeIDE/workspace_1.13.1/Abstracted/THE PROJECT/Application/S_TIMER" -I"C:/Users/Aswin Sankar/STM32CubeIDE/workspace_1.13.1/Abstracted/THE PROJECT/Middleware/HARD_TIMER" -O0 -ffunction-sections -fdata-sections -Wall -fstack-usage -fcyclomatic-complexity -MMD -MP -MF"Application/CLI/addtobuffer.d" -MT"Application/CLI/addtobuffer.o" --specs=nano.specs -mfpu=fpv4-sp-d16 -mfloat-abi=hard -mthumb -o "Application/CLI/addtobuffer.o"
arm-none-eabi-gcc "../Application/CBUFF/cbuff_Dequeue.c" -mcpu=cortex-m4 -std=gnu11 -g3 -DDEBUG -DUSE_HAL_DRIVER -DSTM32F401xE -c -I../Core/Inc -I../Drivers/STM32F4xx_HAL_Driver/Inc -I../Drivers/STM32F4xx_HAL_Driver/Inc/Legacy -I../Drivers/CMSIS/Device/ST/STM32F4xx/Include -I../Drivers/CMSIS/Include -I"C:/Users/Aswin Sankar/STM32CubeIDE/workspace_1.13.1/Abstracted/THE PROJECT/HAL" -I"C:/Users/Aswin Sankar/STM32CubeIDE/workspace_1.13.1/Abstracted/THE PROJECT/Application" -I"C:/Users/Aswin Sankar/STM32CubeIDE/workspace_1.13.1/Abstracted/THE PROJECT/Middleware" -I"C:/Users/Aswin Sankar/STM32CubeIDE/workspace_1.13.1/Abstracted/THE PROJECT/Middleware/UART" -I"C:/Users/Aswin Sankar/STM32CubeIDE/workspace_1.13.1/Abstracted/THE PROJECT/Application/CLI" -I"C:/Users/Aswin Sankar/STM32CubeIDE/workspace_1.13.1/Abstracted/THE PROJECT/Application/CBUFF" -I"C:/Users/Aswin Sankar/STM32CubeIDE/workspace_1.13.1/Abstracted/THE PROJECT/Application/ADC_INT" -I"C:/Users/Aswin Sankar/STM32CubeIDE/workspace_1.13.1/Abstracted/THE PROJECT/Application/S_TIMER" -I"C:/Users/Aswin Sankar/STM32CubeIDE/workspace_1.13.1/Abstracted/THE PROJECT/Middleware/HARD_TIMER" -O0 -ffunction-sections -fdata-sections -Wall -fstack-usage -fcyclomatic-complexity -MMD -MP -MF"Application/CBUFF/cbuff_Dequeue.d" -MT"Application/CBUFF/cbuff_Dequeue.o" --specs=nano.specs -mfpu=fpv4-sp-d16 -mfloat-abi=hard -mthumb -o "Application/CBUFF/cbuff_Dequeue.o"
arm-none-eabi-gcc "../Application/CBUFF/cbuff_Enqueue.c" -mcpu=cortex-m4 -std=gnu11 -g3 -DDEBUG -DUSE_HAL_DRIVER -DSTM32F401xE -c -I../Core/Inc -I../Drivers/STM32F4xx_HAL_Driver/Inc -I../Drivers/STM32F4xx_HAL_Driver/Inc/Legacy -I../Drivers/CMSIS/Device/ST/STM32F4xx/Include -I../Drivers/CMSIS/Include -I"C:/Users/Aswin Sankar/STM32CubeIDE/workspace_1.13.1/Abstracted/THE PROJECT/HAL" -I"C:/Users/Aswin Sankar/STM32CubeIDE/workspace_1.13.1/Abstracted/THE PROJECT/Application" -I"C:/Users/Aswin Sankar/STM32CubeIDE/workspace_1.13.1/Abstracted/THE PROJECT/Middleware" -I"C:/Users/Aswin Sankar/STM32CubeIDE/workspace_1.13.1/Abstracted/THE PROJECT/Middleware/UART" -I"C:/Users/Aswin Sankar/STM32CubeIDE/workspace_1.13.1/Abstracted/THE PROJECT/Application/CLI" -I"C:/Users/Aswin Sankar/STM32CubeIDE/workspace_1.13.1/Abstracted/THE PROJECT/Application/CBUFF" -I"C:/Users/Aswin Sankar/STM32CubeIDE/workspace_1.13.1/Abstracted/THE PROJECT/Application/ADC_INT" -I"C:/Users/Aswin Sankar/STM32CubeIDE/workspace_1.13.1/Abstracted/THE PROJECT/Application/S_TIMER" -I"C:/Users/Aswin Sankar/STM32CubeIDE/workspace_1.13.1/Abstracted/THE PROJECT/Middleware/HARD_TIMER" -O0 -ffunction-sections -fdata-sections -Wall -fstack-usage -fcyclomatic-complexity -MMD -MP -MF"Application/CBUFF/cbuff_Enqueue.d" -MT"Application/CBUFF/cbuff_Enqueue.o" --specs=nano.specs -mfpu=fpv4-sp-d16 -mfloat-abi=hard -mthumb -o "Application/CBUFF/cbuff_Enqueue.o"
arm-none-eabi-gcc "../Application/CBUFF/cbuff_main.c" -mcpu=cortex-m4 -std=gnu11 -g3 -DDEBUG -DUSE_HAL_DRIVER -DSTM32F401xE -c -I../Core/Inc -I../Drivers/STM32F4xx_HAL_Driver/Inc -I../Drivers/STM32F4xx_HAL_Driver/Inc/Legacy -I../Drivers/CMSIS/Device/ST/STM32F4xx/Include -I../Drivers/CMSIS/Include -I"C:/Users/Aswin Sankar/STM32CubeIDE/workspace_1.13.1/Abstracted/THE PROJECT/HAL" -I"C:/Users/Aswin Sankar/STM32CubeIDE/workspace_1.13.1/Abstracted/THE PROJECT/Application" -I"C:/Users/Aswin Sankar/STM32CubeIDE/workspace_1.13.1/Abstracted/THE PROJECT/Middleware" -I"C:/Users/Aswin Sankar/STM32CubeIDE/workspace_1.13.1/Abstracted/THE PROJECT/Middleware/UART" -I"C:/Users/Aswin Sankar/STM32CubeIDE/workspace_1.13.1/Abstracted/THE PROJECT/Application/CLI" -I"C:/Users/Aswin Sankar/STM32CubeIDE/workspace_1.13.1/Abstracted/THE PROJECT/Application/CBUFF" -I"C:/Users/Aswin Sankar/STM32CubeIDE/workspace_1.13.1/Abstracted/THE PROJECT/Application/ADC_INT" -I"C:/Users/Aswin Sankar/STM32CubeIDE/workspace_1.13.1/Abstracted/THE PROJECT/Application/S_TIMER" -I"C:/Users/Aswin Sankar/STM32CubeIDE/workspace_1.13.1/Abstracted/THE PROJECT/Middleware/HARD_TIMER" -O0 -ffunction-sections -fdata-sections -Wall -fstack-usage -fcyclomatic-complexity -MMD -MP -MF"Application/CBUFF/cbuff_main.d" -MT"Application/CBUFF/cbuff_main.o" --specs=nano.specs -mfpu=fpv4-sp-d16 -mfloat-abi=hard -mthumb -o "Application/CBUFF/cbuff_main.o"
arm-none-eabi-gcc -o "THE PROJECT.elf" @"objects.list"   -mcpu=cortex-m4 -T"C:\Users\Aswin Sankar\STM32CubeIDE\workspace_1.13.1\Abstracted\THE PROJECT\STM32F401RETX_FLASH.ld" --specs=nosys.specs -Wl,-Map="THE PROJECT.map" -Wl,--gc-sections -static --specs=nano.specs -mfpu=fpv4-sp-d16 -mfloat-abi=hard -mthumb -Wl,--start-group -lc -lm -Wl,--end-group
Finished building target: THE PROJECT.elf
 
arm-none-eabi-size   THE\ PROJECT.elf 
arm-none-eabi-objdump -h -S  THE\ PROJECT.elf  > "THE PROJECT.list"
   text	   data	    bss	    dec	    hex	filename
  21620	    172	   2372	  24164	   5e64	THE PROJECT.elf
Finished building: default.size.stdout
 
Finished building: THE PROJECT.list
 
