11:00:34 **** Incremental Build of configuration Debug for project pulsewavemodulator ****
make -j4 all 
arm-none-eabi-gcc "../Middleware/fetch_duty.c" -mcpu=cortex-m4 -std=gnu11 -g3 -DDEBUG -DUSE_HAL_DRIVER -DSTM32F401xE -c -I../Core/Inc -I../Drivers/STM32F4xx_HAL_Driver/Inc -I../Drivers/STM32F4xx_HAL_Driver/Inc/Legacy -I../Drivers/CMSIS/Device/ST/STM32F4xx/Include -I../Drivers/CMSIS/Include -I"C:/Users/Aswin Sankar/STM32CubeIDE/workspace_1.13.1/Abstracted/pulsewavemodulator/Middleware" -O0 -ffunction-sections -fdata-sections -Wall -fstack-usage -fcyclomatic-complexity -MMD -MP -MF"Middleware/fetch_duty.d" -MT"Middleware/fetch_duty.o" --specs=nano.specs -mfpu=fpv4-sp-d16 -mfloat-abi=hard -mthumb -o "Middleware/fetch_duty.o"
arm-none-eabi-gcc "../Middleware/pwm_start.c" -mcpu=cortex-m4 -std=gnu11 -g3 -DDEBUG -DUSE_HAL_DRIVER -DSTM32F401xE -c -I../Core/Inc -I../Drivers/STM32F4xx_HAL_Driver/Inc -I../Drivers/STM32F4xx_HAL_Driver/Inc/Legacy -I../Drivers/CMSIS/Device/ST/STM32F4xx/Include -I../Drivers/CMSIS/Include -I"C:/Users/Aswin Sankar/STM32CubeIDE/workspace_1.13.1/Abstracted/pulsewavemodulator/Middleware" -O0 -ffunction-sections -fdata-sections -Wall -fstack-usage -fcyclomatic-complexity -MMD -MP -MF"Middleware/pwm_start.d" -MT"Middleware/pwm_start.o" --specs=nano.specs -mfpu=fpv4-sp-d16 -mfloat-abi=hard -mthumb -o "Middleware/pwm_start.o"
arm-none-eabi-gcc "../Core/Src/main.c" -mcpu=cortex-m4 -std=gnu11 -g3 -DDEBUG -DUSE_HAL_DRIVER -DSTM32F401xE -c -I../Core/Inc -I../Drivers/STM32F4xx_HAL_Driver/Inc -I../Drivers/STM32F4xx_HAL_Driver/Inc/Legacy -I../Drivers/CMSIS/Device/ST/STM32F4xx/Include -I../Drivers/CMSIS/Include -I"C:/Users/Aswin Sankar/STM32CubeIDE/workspace_1.13.1/Abstracted/pulsewavemodulator/Middleware" -O0 -ffunction-sections -fdata-sections -Wall -fstack-usage -fcyclomatic-complexity -MMD -MP -MF"Core/Src/main.d" -MT"Core/Src/main.o" --specs=nano.specs -mfpu=fpv4-sp-d16 -mfloat-abi=hard -mthumb -o "Core/Src/main.o"
arm-none-eabi-gcc "../Core/Src/stm32f4xx_it.c" -mcpu=cortex-m4 -std=gnu11 -g3 -DDEBUG -DUSE_HAL_DRIVER -DSTM32F401xE -c -I../Core/Inc -I../Drivers/STM32F4xx_HAL_Driver/Inc -I../Drivers/STM32F4xx_HAL_Driver/Inc/Legacy -I../Drivers/CMSIS/Device/ST/STM32F4xx/Include -I../Drivers/CMSIS/Include -I"C:/Users/Aswin Sankar/STM32CubeIDE/workspace_1.13.1/Abstracted/pulsewavemodulator/Middleware" -O0 -ffunction-sections -fdata-sections -Wall -fstack-usage -fcyclomatic-complexity -MMD -MP -MF"Core/Src/stm32f4xx_it.d" -MT"Core/Src/stm32f4xx_it.o" --specs=nano.specs -mfpu=fpv4-sp-d16 -mfloat-abi=hard -mthumb -o "Core/Src/stm32f4xx_it.o"
arm-none-eabi-gcc -o "pulsewavemodulator.elf" @"objects.list"   -mcpu=cortex-m4 -T"C:\Users\Aswin Sankar\STM32CubeIDE\workspace_1.13.1\Abstracted\pulsewavemodulator\STM32F401RETX_FLASH.ld" --specs=nosys.specs -Wl,-Map="pulsewavemodulator.map" -Wl,--gc-sections -static --specs=nano.specs -mfpu=fpv4-sp-d16 -mfloat-abi=hard -mthumb -Wl,--start-group -lc -lm -Wl,--end-group
Finished building target: pulsewavemodulator.elf
 
arm-none-eabi-size   pulsewavemodulator.elf 
arm-none-eabi-objdump -h -S  pulsewavemodulator.elf  > "pulsewavemodulator.list"
   text	   data	    bss	    dec	    hex	filename
  14480	     24	   1784	  16288	   3fa0	pulsewavemodulator.elf
Finished building: default.size.stdout
 
Finished building: pulsewavemodulator.list
 

11:00:35 Build Finished. 0 errors, 0 warnings. (took 1s.341ms)

